drawableImage.at (100@110) size (50, 40) url (http://www.cs.pomona.edu/~kim/CSC051GF14/Images/froggy.png) on "silk"
