the "t054_selfAfterInherit_test" module
three 
the "t054_selfAfterInherit_test" module
one two three 
